// Jest Snapshot v1, https://goo.gl/fbAQLP

exports[`Button Molecule matches snapshot 1`] = `
<DocumentFragment>
  <div
    class="flex"
  >
    <button
      class="button blue"
    >
      Default button
    </button>
  </div>
</DocumentFragment>
`;
