// Jest Snapshot v1, https://goo.gl/fbAQLP

exports[`Flex matches snapshot 1`] = `
<div
  className="flex"
>
  <p
    className="text"
  >
    This text is in a flex container
  </p>
</div>
`;
